// Jest Snapshot v1, https://goo.gl/fbAQLP

exports[`renders homepage unchanged 1`] = `
.c4 {
  display: grid;
  -webkit-flex-flow: row wrap;
  -ms-flex-flow: row wrap;
  flex-flow: row wrap;
  grid-gap: 16px;
  grid-template-columns: repeat(auto-fit,minmax(300px,1fr));
  padding: 24px 2em;
}

.c1 {
  background: #f8d02f;
  box-shadow: 0px 8px 8px 0px rgba(27,27,27,0.11);
  height: 80px;
  padding: 0 40px;
  position: fixed;
  top: 0;
  width: 100vw;
  z-index: 1;
}

.c0 {
  width: 100vw;
}

.c2 {
  font-family: JetBrains Mono;
}

.c3 {
  margin-top: 80px;
  width: 100vw;
}

<div>
  <div
    class="container"
  >
    <div
      class="c0"
    >
      <div
        class="c1"
      >
        <h1
          class="c2"
        >
          Poke-Next
        </h1>
      </div>
      <div
        class="c3"
      >
        <div
          class="c4"
        />
      </div>
    </div>
  </div>
</div>
`;
